
Allocating common symbols
Common symbol       size              file

last_free           0x4               hf-unit.o
first_free          0x4               hf-unit.o

Discarded input sections

 .data          0x0000000000000000        0x0 crt0.o
 .bss           0x0000000000000000        0x0 crt0.o
 .text          0x0000000000000000        0x0 hf-unit.o
 .data          0x0000000000000000        0x0 hf-unit.o
 .bss           0x0000000000000000        0x0 hf-unit.o
 .text.printBits
                0x0000000000000000       0xa0 hf-unit.o
 .text.hfunit_comp_vector
                0x0000000000000000       0xa0 hf-unit.o
 .text.testa_hfunit_log
                0x0000000000000000       0xc8 hf-unit.o
 .text.testa_hfunit_matriz
                0x0000000000000000       0x68 hf-unit.o
 .rodata.printBits.str1.4
                0x0000000000000000        0x7 hf-unit.o
 .rodata.testa_hfunit_log.cst4
                0x0000000000000000        0x8 hf-unit.o
 COMMON         0x0000000000000000        0x8 hf-unit.o
 .text          0x0000000000000000        0x0 interrupt.o
 .data          0x0000000000000000        0x0 interrupt.o
 .bss           0x0000000000000000        0x0 interrupt.o
 .data.adc_vector
                0x0000000000000000       0x10 interrupt.o
 .data.dac_vector
                0x0000000000000000       0x10 interrupt.o
 .data.i2c_vector
                0x0000000000000000       0x10 interrupt.o
 .data.spi_vector
                0x0000000000000000       0x10 interrupt.o
 .data.uart_vector
                0x0000000000000000       0x40 interrupt.o
 .text          0x0000000000000000        0x0 libc.o
 .data          0x0000000000000000        0x0 libc.o
 .bss           0x0000000000000000        0x0 libc.o
 .text.itoa.part.1
                0x0000000000000000       0xdc libc.o
 .text.__udivmoddi4.part.2
                0x0000000000000000      0x13c libc.o
 .text.delay_ms
                0x0000000000000000      0x120 libc.o
 .text.delay_us
                0x0000000000000000      0x110 libc.o
 .text.putchar  0x0000000000000000       0x1c libc.o
 .text.kbhit    0x0000000000000000       0x10 libc.o
 .text.getchar  0x0000000000000000       0x1c libc.o
 .text.strcpy   0x0000000000000000       0x1c libc.o
 .text.strncpy  0x0000000000000000       0x68 libc.o
 .text.strcat   0x0000000000000000       0x4c libc.o
 .text.strncat  0x0000000000000000       0x4c libc.o
 .text.strcmp   0x0000000000000000       0x2c libc.o
 .text.strncmp  0x0000000000000000       0x3c libc.o
 .text.strstr   0x0000000000000000       0x68 libc.o
 .text.strlen   0x0000000000000000       0x30 libc.o
 .text.strchr   0x0000000000000000       0x24 libc.o
 .text.strpbrk  0x0000000000000000       0x48 libc.o
 .text.strsep   0x0000000000000000       0x60 libc.o
 .text.strtok   0x0000000000000000       0x90 libc.o
 .text.memcpy   0x0000000000000000       0x24 libc.o
 .text.memmove  0x0000000000000000       0x4c libc.o
 .text.memcmp   0x0000000000000000       0x4c libc.o
 .text.memset   0x0000000000000000       0x20 libc.o
 .text.atoi     0x0000000000000000       0xcc libc.o
 .text.atof     0x0000000000000000      0x204 libc.o
 .text.ftoa     0x0000000000000000      0x164 libc.o
 .text.itoa     0x0000000000000000       0x50 libc.o
 .text.puts     0x0000000000000000       0x50 libc.o
 .text.gets     0x0000000000000000       0x48 libc.o
 .text.abs      0x0000000000000000       0x10 libc.o
 .text.random   0x0000000000000000       0x60 libc.o
 .text.srand    0x0000000000000000        0xc libc.o
 .text.hexdump  0x0000000000000000      0x1ac libc.o
 .text.sprintf  0x0000000000000000       0x48 libc.o
 .text.__muldsi3
                0x0000000000000000       0xe4 libc.o
 .text.__muldi3
                0x0000000000000000       0xac libc.o
 .text.__udivmodsi4
                0x0000000000000000       0x78 libc.o
 .text.__divsi3
                0x0000000000000000       0x7c libc.o
 .text.__modsi3
                0x0000000000000000       0x6c libc.o
 .text.__ashldi3
                0x0000000000000000       0x38 libc.o
 .text.__ashrdi3
                0x0000000000000000       0x2c libc.o
 .text.__lshrdi3
                0x0000000000000000       0x38 libc.o
 .text.__udivmoddi4
                0x0000000000000000       0x1c libc.o
 .text.__umoddi3
                0x0000000000000000       0x30 libc.o
 .text.__udivdi3
                0x0000000000000000       0x20 libc.o
 .text.__moddi3
                0x0000000000000000       0x88 libc.o
 .text.__divdi3
                0x0000000000000000       0x98 libc.o
 .text.__addsf3
                0x0000000000000000      0x12c libc.o
 .text.__subsf3
                0x0000000000000000       0x28 libc.o
 .text.__cmpsf2
                0x0000000000000000       0x44 libc.o
 .text.__ltsf2  0x0000000000000000       0x38 libc.o
 .text.__lesf2  0x0000000000000000       0x44 libc.o
 .text.__gtsf2  0x0000000000000000       0x44 libc.o
 .text.__gesf2  0x0000000000000000       0x38 libc.o
 .text.__eqsf2  0x0000000000000000        0xc libc.o
 .text.__nesf2  0x0000000000000000        0xc libc.o
 .text.__mulsf3
                0x0000000000000000      0x140 libc.o
 .text.__divsf3
                0x0000000000000000       0xc4 libc.o
 .text.__negsf2
                0x0000000000000000       0x18 libc.o
 .text.__fixsfsi
                0x0000000000000000       0x48 libc.o
 .text.__fixunssfsi
                0x0000000000000000       0x48 libc.o
 .text.__floatunsisf
                0x0000000000000000       0x8c libc.o
 .text.__floatsidf
                0x0000000000000000       0x8c libc.o
 .text.__floatdidf
                0x0000000000000000       0xc0 libc.o
 .text.__negdf2
                0x0000000000000000       0x28 libc.o
 .text.__fixdfsi
                0x0000000000000000       0x6c libc.o
 .text.__fixdfdi
                0x0000000000000000       0xa8 libc.o
 .text.__fixunsdfsi
                0x0000000000000000       0x5c libc.o
 .text.__fixunsdfdi
                0x0000000000000000       0x74 libc.o
 .text.__muldf3
                0x0000000000000000      0x20c libc.o
 .text.__divdf3
                0x0000000000000000      0x174 libc.o
 .text.__gtdf2  0x0000000000000000       0x88 libc.o
 .text.__gedf2  0x0000000000000000       0x88 libc.o
 .text.__ledf2  0x0000000000000000        0x8 libc.o
 .text.__eqdf2  0x0000000000000000       0x14 libc.o
 .text.__nedf2  0x0000000000000000       0x14 libc.o
 .text.print_float
                0x0000000000000000       0x38 libc.o
 .text.print_double
                0x0000000000000000       0x40 libc.o
 .text.f_copysign
                0x0000000000000000       0x7c libc.o
 .text.d_copysign
                0x0000000000000000       0xb4 libc.o
 .rodata.__divdf3.cst8
                0x0000000000000000        0x8 libc.o
 .rodata.__divsf3.cst4
                0x0000000000000000        0x8 libc.o
 .rodata.atof.cst4
                0x0000000000000000        0xc libc.o
 .rodata.hexdump.str1.4
                0x0000000000000000       0x13 libc.o
 .rodata.itoa.part.1.str1.4
                0x0000000000000000       0x48 libc.o
 .rodata.print_float.str1.4
                0x0000000000000000        0x5 libc.o
 .sbss.last.1262
                0x0000000000000000        0x4 libc.o
 .sdata.rand1   0x0000000000000000        0x4 libc.o
 .text          0x0000000000000000        0x0 malloc.o
 .data          0x0000000000000000        0x0 malloc.o
 .bss           0x0000000000000000        0x0 malloc.o
 .text.free     0x0000000000000000       0x20 malloc.o
 .text.malloc   0x0000000000000000       0xb4 malloc.o
 .text.heap_init
                0x0000000000000000       0x38 malloc.o
 .comment       0x0000000000000000       0x12 malloc.o
 .text          0x0000000000000000        0x0 math.o
 .data          0x0000000000000000        0x0 math.o
 .bss           0x0000000000000000        0x0 math.o
 .text.xatan    0x0000000000000000      0x15c math.o
 .text.satan    0x0000000000000000      0x114 math.o
 .text.frexp.part.1
                0x0000000000000000       0x34 math.o
 .text.fabs     0x0000000000000000       0x3c math.o
 .text.frexp    0x0000000000000000       0x64 math.o
 .text.ldexp    0x0000000000000000      0x1b0 math.o
 .text.modf     0x0000000000000000       0xbc math.o
 .text.sinus    0x0000000000000000      0x274 math.o
 .text.floor    0x0000000000000000       0xa8 math.o
 .text.exp.part.2
                0x0000000000000000      0x180 math.o
 .text.ceil     0x0000000000000000       0x30 math.o
 .text.sqrt     0x0000000000000000      0x228 math.o
 .text.exp      0x0000000000000000       0xac math.o
 .text.log      0x0000000000000000      0x264 math.o
 .text.log10    0x0000000000000000       0x2c math.o
 .text.pow      0x0000000000000000      0x1e8 math.o
 .text.cos      0x0000000000000000       0x44 math.o
 .text.sin      0x0000000000000000        0xc math.o
 .text.tan      0x0000000000000000      0x2c8 math.o
 .text.atan     0x0000000000000000       0x68 math.o
 .text.atan2    0x0000000000000000      0x190 math.o
 .text.asin     0x0000000000000000      0x158 math.o
 .text.acos     0x0000000000000000       0x7c math.o
 .text.sinh     0x0000000000000000      0x338 math.o
 .text.cosh     0x0000000000000000      0x234 math.o
 .text.tanh     0x0000000000000000       0xac math.o
 .rodata.asin.cst4
                0x0000000000000000        0x4 math.o
 .rodata.atan2.cst4
                0x0000000000000000        0x8 math.o
 .rodata.exp.cst4
                0x0000000000000000        0xc math.o
 .rodata.exp.part.2.cst4
                0x0000000000000000       0x24 math.o
 .rodata.ldexp.cst4
                0x0000000000000000        0x4 math.o
 .rodata.log.cst4
                0x0000000000000000       0x28 math.o
 .rodata.log10.cst4
                0x0000000000000000        0x4 math.o
 .rodata.satan.cst4
                0x0000000000000000       0x14 math.o
 .rodata.sinh.cst4
                0x0000000000000000       0x20 math.o
 .rodata.sinus.cst4
                0x0000000000000000       0x34 math.o
 .rodata.sqrt.cst4
                0x0000000000000000        0x8 math.o
 .rodata.tan.cst4
                0x0000000000000000       0x1c math.o
 .rodata.tan.cst8
                0x0000000000000000       0x18 math.o
 .rodata.xatan.cst4
                0x0000000000000000       0x24 math.o
 .comment       0x0000000000000000       0x12 math.o
 .text          0x0000000000000000        0x0 sort.o
 .data          0x0000000000000000        0x0 sort.o
 .bss           0x0000000000000000        0x0 sort.o
 .text.sort     0x0000000000000000       0x4c sort.o
 .text.swap     0x0000000000000000       0x24 sort.o
 .text.qsort    0x0000000000000000       0xec sort.o
 .text.startup.main
                0x0000000000000000      0x1a8 sort.o
 .rodata.main.str1.4
                0x0000000000000000       0x38 sort.o
 .comment       0x0000000000000000       0x12 sort.o
 .text          0x0000000000000000        0x0 test.o
 .data          0x0000000000000000        0x0 test.o
 .bss           0x0000000000000000        0x0 test.o
 .text.teste1   0x0000000000000000        0x4 test.o
 .text          0x0000000000000000        0x0 tester.o
 .data          0x0000000000000000        0x0 tester.o
 .bss           0x0000000000000000        0x0 tester.o

Memory Configuration

Name             Origin             Length             Attributes
rom              0x0000000000000000 0x0000000010000000
ram              0x0000000040000000 0x0000000010000000
ram_top          0x000000004ffffc00 0x0000000000000400
*default*        0x0000000000000000 0xffffffffffffffff

Linker script and memory map

                0x000000004ffffffc                _stack = 0x4ffffffc
                0x0000000000000000                . = 0x0

.text           0x0000000040000000     0x14f4
 *(.text.init)
                0x0000000040000000                _text = .
 *(.text)
 .text          0x0000000040000000      0x288 crt0.o
                0x0000000040000000                _entry
                0x0000000040000100                _isr
                0x00000000400001ec                _interrupt_set
                0x0000000040000204                setjmp
                0x0000000040000240                longjmp
                0x000000004000027c                syscall
 *(.text.*)
 .text.hfunit_comp_float
                0x0000000040000288      0x118 hf-unit.o
                0x0000000040000288                hfunit_comp_float
 .text.testa_hfunit_base
                0x00000000400003a0       0x64 hf-unit.o
                0x00000000400003a0                testa_hfunit_base
 .text.dummy_handler
                0x0000000040000404        0xc interrupt.o
                0x0000000040000404                timer0a_handler
                0x0000000040000404                irq4_handler
                0x0000000040000404                spi0_handler
                0x0000000040000404                uart7tx_handler
                0x0000000040000404                uart6tx_handler
                0x0000000040000404                irq2_handler
                0x0000000040000404                adc2_handler
                0x0000000040000404                timer4ocr_handler
                0x0000000040000404                irq7_handler
                0x0000000040000404                timer3ocr_handler
                0x0000000040000404                timer7ctc_handler
                0x0000000040000404                uart7rx_handler
                0x0000000040000404                uart4tx_handler
                0x0000000040000404                uart2rx_handler
                0x0000000040000404                porta_handler
                0x0000000040000404                uart3rx_handler
                0x0000000040000404                portd_handler
                0x0000000040000404                uart2tx_handler
                0x0000000040000404                uart3tx_handler
                0x0000000040000404                portc_handler
                0x0000000040000404                uart0rx_handler
                0x0000000040000404                dummy_handler
                0x0000000040000404                irq3_handler
                0x0000000040000404                adc3_handler
                0x0000000040000404                timer6ctc_handler
                0x0000000040000404                irq1_handler
                0x0000000040000404                adc1_handler
                0x0000000040000404                i2c1_handler
                0x0000000040000404                spi2_handler
                0x0000000040000404                irq6_handler
                0x0000000040000404                timer4ctc_handler
                0x0000000040000404                dac2_handler
                0x0000000040000404                timer5ctc_handler
                0x0000000040000404                uart0tx_handler
                0x0000000040000404                portb_handler
                0x0000000040000404                dac0_handler
                0x0000000040000404                uart5tx_handler
                0x0000000040000404                timer0b_handler
                0x0000000040000404                spi1_handler
                0x0000000040000404                uart1tx_handler
                0x0000000040000404                i2c0_handler
                0x0000000040000404                spi3_handler
                0x0000000040000404                dac1_handler
                0x0000000040000404                uart1rx_handler
                0x0000000040000404                timer6ocr_handler
                0x0000000040000404                uart6rx_handler
                0x0000000040000404                uart5rx_handler
                0x0000000040000404                timer2ocr_handler
                0x0000000040000404                timer2ctc_handler
                0x0000000040000404                timer7ocr_handler
                0x0000000040000404                timer5ocr_handler
                0x0000000040000404                adc0_handler
                0x0000000040000404                timer3ctc_handler
                0x0000000040000404                timer1ctc_handler
                0x0000000040000404                i2c2_handler
                0x0000000040000404                dac3_handler
                0x0000000040000404                i2c3_handler
                0x0000000040000404                timer1ocr_handler
                0x0000000040000404                uart4rx_handler
                0x0000000040000404                irq5_handler
 .text.irq0_handler
                0x0000000040000410      0x240 interrupt.o
                0x0000000040000410                irq0_handler
 .text.irq_enable
                0x0000000040000650       0x34 interrupt.o
                0x0000000040000650                irq_enable
 .text.irq_handler
                0x0000000040000684       0x50 interrupt.o
                0x0000000040000684                irq_handler
 .text.exception_handler
                0x00000000400006d4       0x34 interrupt.o
                0x00000000400006d4                exception_handler
 .text.printchar.part.0
                0x0000000040000708       0x1c libc.o
 .text.vsprintf
                0x0000000040000724      0x3e4 libc.o
 .text.strtol   0x0000000040000b08      0x10c libc.o
                0x0000000040000b08                strtol
 .text.printf   0x0000000040000c14       0x48 libc.o
                0x0000000040000c14                printf
 .text.__mulsi3
                0x0000000040000c5c       0x30 libc.o
                0x0000000040000c5c                __mulsi3
 .text.__udivsi3
                0x0000000040000c8c       0x68 libc.o
                0x0000000040000c8c                __udivsi3
 .text.__umodsi3
                0x0000000040000cf4       0x54 libc.o
                0x0000000040000cf4                __umodsi3
 .text.__floatsisf
                0x0000000040000d48       0x90 libc.o
                0x0000000040000d48                __floatsisf
 .text.__extendsfdf2
                0x0000000040000dd8       0x48 libc.o
                0x0000000040000dd8                __extendsfdf2
 .text.__truncdfsf2
                0x0000000040000e20       0xc4 libc.o
                0x0000000040000e20                __truncdfsf2
 .text.__cmpdf2
                0x0000000040000ee4       0x4c libc.o
                0x0000000040000ee4                __cmpdf2
 .text.__adddf3
                0x0000000040000f30      0x248 libc.o
                0x0000000040000f30                __adddf3
 .text.__subdf3
                0x0000000040001178       0x3c libc.o
                0x0000000040001178                __subdf3
 .text.__ltdf2  0x00000000400011b4       0x74 libc.o
                0x00000000400011b4                __ltdf2
 .text.teste2   0x0000000040001228       0x64 test.o
                0x0000000040001228                teste2
 .text.teste3   0x000000004000128c       0x5c test.o
                0x000000004000128c                teste3
 .text.teste4   0x00000000400012e8       0x6c test.o
                0x00000000400012e8                teste4
 .text.teste5   0x0000000040001354       0x6c test.o
                0x0000000040001354                teste5
 .text.teste6   0x00000000400013c0       0x6c test.o
                0x00000000400013c0                teste6
 .text.hfunit_run_tests
                0x000000004000142c       0x24 test.o
                0x000000004000142c                hfunit_run_tests
 .text.main_test
                0x0000000040001450       0xa4 tester.o
                0x0000000040001450                main_test
                0x00000000400014f4                _etext = .

.rela.dyn       0x00000000400014f4        0x0
 .rela.text     0x00000000400014f4        0x0 crt0.o
 .rela.data.gpio_vector
                0x00000000400014f4        0x0 crt0.o
 .rela.data.irq_vector
                0x00000000400014f4        0x0 crt0.o
 .rela.data.timer_vector
                0x00000000400014f4        0x0 crt0.o

.data           0x00000000400014f8      0x318
                0x00000000400014f8                _rodata = .
 *(.rdata)
 *(.rodata)
 *(.rodata.*)
 .rodata.hfunit_comp_float.cst8
                0x00000000400014f8        0x8 hf-unit.o
 .rodata.hfunit_comp_vector.str1.4
                0x0000000040001500       0x2e hf-unit.o
 *fill*         0x000000004000152e        0x2 
 .rodata.irq0_handler
                0x0000000040001530       0x84 interrupt.o
 .rodata.dummy_handler.str1.4
                0x00000000400015b4        0x5 interrupt.o
 *fill*         0x00000000400015b9        0x3 
 .rodata.exception_handler.str1.4
                0x00000000400015bc       0x2c interrupt.o
 .rodata.irq0_handler.str1.4
                0x00000000400015e8       0x25 interrupt.o
 *fill*         0x000000004000160d        0x3 
 .rodata.vsprintf
                0x0000000040001610       0x84 libc.o
 .rodata.vsprintf.str1.4
                0x0000000040001694       0x19 libc.o
 *fill*         0x00000000400016ad        0x3 
 .rodata.teste2.str1.4
                0x00000000400016b0        0xd test.o
 *fill*         0x00000000400016bd        0x3 
 .rodata.teste3.cst4
                0x00000000400016c0        0x4 test.o
 .rodata.teste3.str1.4
                0x00000000400016c4       0x20 test.o
 .rodata.teste4.str1.4
                0x00000000400016e4       0x1a test.o
 *fill*         0x00000000400016fe        0x2 
 .rodata.teste5.str1.4
                0x0000000040001700       0x2d test.o
 *fill*         0x000000004000172d        0x3 
 .rodata.main_test.str1.4
                0x0000000040001730       0x68 tester.o
                0x0000000040001798                _erodata = .
                0x0000000040001798                _data = .
 *(.data)
 *(.data.*)
 .data.gpio_vector
                0x0000000040001798       0x10 interrupt.o
                0x0000000040001798                gpio_vector
 .data.irq_vector
                0x00000000400017a8       0x20 interrupt.o
                0x00000000400017a8                irq_vector
 .data.timer_vector
                0x00000000400017c8       0x40 interrupt.o
                0x00000000400017c8                timer_vector
                0x0000000040002008                _gp = (. + 0x800)
 *(.sdata)
 *(.sdata.*)
                0x0000000040001810                . = ALIGN (0x10)
 *fill*         0x0000000040001808        0x8 
                0x0000000040001810                _edata = .

.bss            0x0000000040001810        0xc
                0x0000000040001810                _bss_start = .
 *(.sbss)
 *(.sbss.*)
 .sbss.executed_tests
                0x0000000040001810        0x4 tester.o
                0x0000000040001810                executed_tests
 .sbss.failed_tests
                0x0000000040001814        0x4 tester.o
                0x0000000040001814                failed_tests
 .sbss.test_counter
                0x0000000040001818        0x4 tester.o
                0x0000000040001818                test_counter
 *(.bss)
 *(.bss.*)
                0x000000004000181c                . = ALIGN (0x4)
                0x000000004000181c                _bss_end = .
                0x000000004000181c                _end = .
LOAD crt0.o
LOAD hf-unit.o
LOAD interrupt.o
LOAD libc.o
LOAD malloc.o
LOAD math.o
LOAD sort.o
LOAD test.o
LOAD tester.o
OUTPUT(test.elf elf32-littleriscv)

.comment        0x0000000000000000       0x11
 .comment       0x0000000000000000       0x11 hf-unit.o
                                         0x12 (size before relaxing)
 .comment       0x0000000000000011       0x12 interrupt.o
 .comment       0x0000000000000011       0x12 libc.o
 .comment       0x0000000000000011       0x12 test.o
 .comment       0x0000000000000011       0x12 tester.o
